

================================================================
== Vitis HLS Report for 'division'
================================================================
* Date:           Mon Jun 26 11:08:26 2023

* Version:        2022.1 (Build 3526262 on Mon Apr 18 15:47:01 MDT 2022)
* Project:        rk45_vitis
* Solution:       solution1 (Vivado IP Flow Target)
* Product family: zynq
* Target device:  xc7z020-clg400-1


================================================================
== Performance Estimates
================================================================
+ Timing: 
    * Summary: 
    +--------+---------+----------+------------+
    |  Clock |  Target | Estimated| Uncertainty|
    +--------+---------+----------+------------+
    |ap_clk  |  0.10 us|  5.071 ns|    27.00 ns|
    +--------+---------+----------+------------+

+ Latency: 
    * Summary: 
    +---------+---------+-----------+-----------+-----+-----+---------+
    |  Latency (cycles) |   Latency (absolute)  |  Interval | Pipeline|
    |   min   |   max   |    min    |    max    | min | max |   Type  |
    +---------+---------+-----------+-----------+-----+-----+---------+
    |      199|      199|  19.900 us|  19.900 us|  199|  199|       no|
    +---------+---------+-----------+-----------+-----+-----+---------+

    + Detail: 
        * Instance: 
        N/A

        * Loop: 
        N/A



================================================================
== Utilization Estimates
================================================================
* Summary: 
+-----------------+---------+-----+--------+-------+-----+
|       Name      | BRAM_18K| DSP |   FF   |  LUT  | URAM|
+-----------------+---------+-----+--------+-------+-----+
|DSP              |        -|    -|       -|      -|    -|
|Expression       |        -|    -|       -|      -|    -|
|FIFO             |        -|    -|       -|      -|    -|
|Instance         |        -|    -|     779|    469|    -|
|Memory           |        -|    -|       -|      -|    -|
|Multiplexer      |        -|    -|       -|   1080|    -|
|Register         |        -|    -|     322|      -|    -|
+-----------------+---------+-----+--------+-------+-----+
|Total            |        0|    0|    1101|   1549|    0|
+-----------------+---------+-----+--------+-------+-----+
|Available        |      280|  220|  106400|  53200|    0|
+-----------------+---------+-----+--------+-------+-----+
|Utilization (%)  |        0|    0|       1|      2|    0|
+-----------------+---------+-----+--------+-------+-----+

+ Detail: 
    * Instance: 
    +-----------------------------------+-------------------------------+---------+----+-----+-----+-----+
    |              Instance             |             Module            | BRAM_18K| DSP|  FF | LUT | URAM|
    +-----------------------------------+-------------------------------+---------+----+-----+-----+-----+
    |sdiv_196ns_177s_122_200_seq_1_U36  |sdiv_196ns_177s_122_200_seq_1  |        0|   0|  779|  469|    0|
    +-----------------------------------+-------------------------------+---------+----+-----+-----+-----+
    |Total                              |                               |        0|   0|  779|  469|    0|
    +-----------------------------------+-------------------------------+---------+----+-----+-----+-----+

    * DSP: 
    N/A

    * Memory: 
    N/A

    * FIFO: 
    N/A

    * Expression: 
    N/A

    * Multiplexer: 
    +-----------+------+-----------+-----+-----------+
    |    Name   |  LUT | Input Size| Bits| Total Bits|
    +-----------+------+-----------+-----+-----------+
    |ap_NS_fsm  |  1071|        201|    1|        201|
    |ap_return  |     9|          2|  122|        244|
    +-----------+------+-----------+-----+-----------+
    |Total      |  1080|        203|  123|        445|
    +-----------+------+-----------+-----+-----------+

    * Register: 
    +----------------+-----+----+-----+-----------+
    |      Name      |  FF | LUT| Bits| Const Bits|
    +----------------+-----+----+-----+-----------+
    |ap_CS_fsm       |  200|   0|  200|          0|
    |ap_return_preg  |  122|   0|  122|          0|
    +----------------+-----+----+-----+-----------+
    |Total           |  322|   0|  322|          0|
    +----------------+-----+----+-----+-----------+



================================================================
== Interface
================================================================
* Summary: 
+------------+-----+-----+------------+--------------+--------------+
|  RTL Ports | Dir | Bits|  Protocol  | Source Object|    C Type    |
+------------+-----+-----+------------+--------------+--------------+
|ap_clk      |   in|    1|  ap_ctrl_hs|      division|  return value|
|ap_rst      |   in|    1|  ap_ctrl_hs|      division|  return value|
|ap_start    |   in|    1|  ap_ctrl_hs|      division|  return value|
|ap_done     |  out|    1|  ap_ctrl_hs|      division|  return value|
|ap_idle     |  out|    1|  ap_ctrl_hs|      division|  return value|
|ap_ready    |  out|    1|  ap_ctrl_hs|      division|  return value|
|ap_return   |  out|  122|  ap_ctrl_hs|      division|  return value|
|num_V_read  |   in|   86|     ap_none|    num_V_read|        scalar|
|den_V_read  |   in|  177|     ap_none|    den_V_read|        scalar|
+------------+-----+-----+------------+--------------+--------------+

