

================================================================
== Vitis HLS Report for 'vel_der_Pipeline_sqrt_loop'
================================================================
* Date:           Sat Jun 24 07:23:09 2023

* Version:        2022.1 (Build 3526262 on Mon Apr 18 15:47:01 MDT 2022)
* Project:        rk45_vitis
* Solution:       solution1 (Vivado IP Flow Target)
* Product family: zynq
* Target device:  xc7z020-clg400-1


================================================================
== Performance Estimates
================================================================
+ Timing: 
    * Summary: 
    +--------+---------+----------+------------+
    |  Clock |  Target | Estimated| Uncertainty|
    +--------+---------+----------+------------+
    |ap_clk  |  0.10 us|  7.058 ns|    27.00 ns|
    +--------+---------+----------+------------+

+ Latency: 
    * Summary: 
    +---------+---------+----------+----------+-----+-----+---------+
    |  Latency (cycles) |  Latency (absolute) |  Interval | Pipeline|
    |   min   |   max   |    min   |    max   | min | max |   Type  |
    +---------+---------+----------+----------+-----+-----+---------+
    |       46|       46|  4.600 us|  4.600 us|   46|   46|       no|
    +---------+---------+----------+----------+-----+-----+---------+

    + Detail: 
        * Instance: 
        N/A

        * Loop: 
        +-------------+---------+---------+----------+-----------+-----------+------+----------+
        |             |  Latency (cycles) | Iteration|  Initiation Interval  | Trip |          |
        |  Loop Name  |   min   |   max   |  Latency |  achieved |   target  | Count| Pipelined|
        +-------------+---------+---------+----------+-----------+-----------+------+----------+
        |- sqrt_loop  |       44|       44|         1|          1|          4|    44|       yes|
        +-------------+---------+---------+----------+-----------+-----------+------+----------+



================================================================
== Utilization Estimates
================================================================
* Summary: 
+-----------------+---------+-----+--------+-------+-----+
|       Name      | BRAM_18K| DSP |   FF   |  LUT  | URAM|
+-----------------+---------+-----+--------+-------+-----+
|DSP              |        -|    -|       -|      -|    -|
|Expression       |        -|    -|       0|    251|    -|
|FIFO             |        -|    -|       -|      -|    -|
|Instance         |        -|    -|       -|      -|    -|
|Memory           |        -|    -|       -|      -|    -|
|Multiplexer      |        -|    -|       -|     54|    -|
|Register         |        -|    -|     227|      -|    -|
+-----------------+---------+-----+--------+-------+-----+
|Total            |        0|    0|     227|    305|    0|
+-----------------+---------+-----+--------+-------+-----+
|Available        |      280|  220|  106400|  53200|    0|
+-----------------+---------+-----+--------+-------+-----+
|Utilization (%)  |        0|    0|      ~0|     ~0|    0|
+-----------------+---------+-----+--------+-------+-----+

+ Detail: 
    * Instance: 
    N/A

    * DSP: 
    N/A

    * Memory: 
    N/A

    * FIFO: 
    N/A

    * Expression: 
    +---------------------+----------+----+---+----+------------+------------+
    |    Variable Name    | Operation| DSP| FF| LUT| Bitwidth P0| Bitwidth P1|
    +---------------------+----------+----+---+----+------------+------------+
    |i_2_fu_118_p2        |         +|   0|  0|  14|           6|           1|
    |T_V_fu_169_p2        |         -|   0|  0|  95|          88|          88|
    |icmp_ln85_fu_112_p2  |      icmp|   0|  0|  10|           6|           6|
    |A_V_3_fu_225_p3      |    select|   0|  0|  86|           1|          86|
    |Q_V_1_fu_201_p3      |    select|   0|  0|  44|           1|          44|
    |ap_enable_pp0        |       xor|   0|  0|   2|           1|           2|
    +---------------------+----------+----+---+----+------------+------------+
    |Total                |          |   0|  0| 251|         103|         227|
    +---------------------+----------+----+---+----+------------+------------+

    * Multiplexer: 
    +-------------------------+----+-----------+-----+-----------+
    |           Name          | LUT| Input Size| Bits| Total Bits|
    +-------------------------+----+-----------+-----+-----------+
    |A_V_fu_68                |   9|          2|   86|        172|
    |ap_done_int              |   9|          2|    1|          2|
    |ap_enable_reg_pp0_iter1  |   9|          2|    1|          2|
    |i_fu_72                  |   9|          2|    6|         12|
    |p_Repl2_s_fu_60          |   9|          2|   44|         88|
    |p_Val2_s_fu_64           |   9|          2|   88|        176|
    +-------------------------+----+-----------+-----+-----------+
    |Total                    |  54|         12|  226|        452|
    +-------------------------+----+-----------+-----+-----------+

    * Register: 
    +-------------------------+----+----+-----+-----------+
    |           Name          | FF | LUT| Bits| Const Bits|
    +-------------------------+----+----+-----+-----------+
    |A_V_fu_68                |  86|   0|   86|          0|
    |ap_CS_fsm                |   1|   0|    1|          0|
    |ap_done_reg              |   1|   0|    1|          0|
    |ap_enable_reg_pp0_iter1  |   1|   0|    1|          0|
    |i_fu_72                  |   6|   0|    6|          0|
    |p_Repl2_s_fu_60          |  44|   0|   44|          0|
    |p_Val2_s_fu_64           |  88|   0|   88|          0|
    +-------------------------+----+----+-----+-----------+
    |Total                    | 227|   0|  227|          0|
    +-------------------------+----+----+-----+-----------+



================================================================
== Interface
================================================================
* Summary: 
+------------------+-----+-----+------------+----------------------------+--------------+
|     RTL Ports    | Dir | Bits|  Protocol  |        Source Object       |    C Type    |
+------------------+-----+-----+------------+----------------------------+--------------+
|ap_clk            |   in|    1|  ap_ctrl_hs|  vel_der_Pipeline_sqrt_loop|  return value|
|ap_rst            |   in|    1|  ap_ctrl_hs|  vel_der_Pipeline_sqrt_loop|  return value|
|ap_start          |   in|    1|  ap_ctrl_hs|  vel_der_Pipeline_sqrt_loop|  return value|
|ap_done           |  out|    1|  ap_ctrl_hs|  vel_der_Pipeline_sqrt_loop|  return value|
|ap_idle           |  out|    1|  ap_ctrl_hs|  vel_der_Pipeline_sqrt_loop|  return value|
|ap_ready          |  out|    1|  ap_ctrl_hs|  vel_der_Pipeline_sqrt_loop|  return value|
|r_V_4             |   in|   88|     ap_none|                       r_V_4|        scalar|
|Q_V_2_out         |  out|   44|      ap_vld|                   Q_V_2_out|       pointer|
|Q_V_2_out_ap_vld  |  out|    1|      ap_vld|                   Q_V_2_out|       pointer|
+------------------+-----+-----+------------+----------------------------+--------------+

