

================================================================
== Vitis HLS Report for 'runge_kutta_45_Pipeline_VITIS_LOOP_155_1'
================================================================
* Date:           Sun May 14 17:33:45 2023

* Version:        2022.1 (Build 3526262 on Mon Apr 18 15:47:01 MDT 2022)
* Project:        rk45_vitis
* Solution:       solution1 (Vivado IP Flow Target)
* Product family: zynq
* Target device:  xc7z020-clg400-1


================================================================
== Performance Estimates
================================================================
+ Timing: 
    * Summary: 
    +--------+----------+-----------+------------+
    |  Clock |  Target  | Estimated | Uncertainty|
    +--------+----------+-----------+------------+
    |ap_clk  |  50.00 ns|  36.500 ns|    13.50 ns|
    +--------+----------+-----------+------------+

+ Latency: 
    * Summary: 
    +---------+---------+----------+----------+-----+-----+---------+
    |  Latency (cycles) |  Latency (absolute) |  Interval | Pipeline|
    |   min   |   max   |    min   |    max   | min | max |   Type  |
    +---------+---------+----------+----------+-----+-----+---------+
    |       16|       16|  0.800 us|  0.800 us|   16|   16|       no|
    +---------+---------+----------+----------+-----+-----+---------+

    + Detail: 
        * Instance: 
        N/A

        * Loop: 
        +--------------------+---------+---------+----------+-----------+-----------+------+----------+
        |                    |  Latency (cycles) | Iteration|  Initiation Interval  | Trip |          |
        |      Loop Name     |   min   |   max   |  Latency |  achieved |   target  | Count| Pipelined|
        +--------------------+---------+---------+----------+-----------+-----------+------+----------+
        |- VITIS_LOOP_155_1  |       14|       14|        10|          1|          1|     6|       yes|
        +--------------------+---------+---------+----------+-----------+-----------+------+----------+

============================================================
+ Verbose Summary: Synthesis Manager
============================================================
InlineROM: 1
ExposeGlobal: 0
============================================================
+ Verbose Summary: CDFG Model
============================================================
IsTopModel: 0
ResetActiveHigh: 1
IsCombinational: 0
IsDatapathOnly: 0
HasWiredReturn: 1
HasMFsm: 2
HasVarLatency: 1
IsPipeline: 0
IsRtlPipelined: 0
IsInstanceOverlapped: 0
IsDontTouch: 0
HasImplIP: 0
IsGatedGlobalClock: 0

+ Individual pipeline summary: 
  * Pipeline-0: initiation interval (II) = 1, depth = 10


============================================================
+ Verbose Summary: Schedule
============================================================
* Number of FSM states : 10
* Pipeline : 1
  Pipeline-0 : II = 1, D = 10, States = { 1 2 3 4 5 6 7 8 9 10 }
* Dataflow Pipeline: 0

* FSM state transitions: 
1 --> 2 
2 --> 3 
3 --> 4 
4 --> 5 
5 --> 6 
6 --> 7 
7 --> 8 
8 --> 9 
9 --> 10 
10 --> 

* FSM state operations: 

State 1 <SV = 0> <Delay = 3.52>
ST_1 : Operation 13 [1/1] (0.00ns)   --->   "%shiftreg3368 = alloca i32 1"   --->   Operation 13 'alloca' 'shiftreg3368' <Predicate = true> <Delay = 0.00>
ST_1 : Operation 14 [1/1] (0.00ns)   --->   "%i = alloca i32 1"   --->   Operation 14 'alloca' 'i' <Predicate = true> <Delay = 0.00>
ST_1 : Operation 15 [1/1] (0.00ns)   --->   "%specinterface_ln0 = specinterface void @_ssdm_op_SpecInterface, i512 %X_BUS, void @empty_13, i32 0, i32 0, void @empty_12, i32 0, i32 12288, void @empty_22, void @empty, void @empty_12, i32 16, i32 16, i32 16, i32 16, void @empty_12, void @empty_12, i32 4294967295, i32 0"   --->   Operation 15 'specinterface' 'specinterface_ln0' <Predicate = true> <Delay = 0.00>
ST_1 : Operation 16 [1/1] (0.00ns)   --->   "%trunc_ln2_read = read i6 @_ssdm_op_Read.ap_auto.i6, i6 %trunc_ln2"   --->   Operation 16 'read' 'trunc_ln2_read' <Predicate = true> <Delay = 0.00>
ST_1 : Operation 17 [1/1] (0.00ns)   --->   "%yy_read = read i64 @_ssdm_op_Read.ap_auto.i64, i64 %yy"   --->   Operation 17 'read' 'yy_read' <Predicate = true> <Delay = 0.00>
ST_1 : Operation 18 [1/1] (1.58ns)   --->   "%store_ln0 = store i3 0, i3 %i"   --->   Operation 18 'store' 'store_ln0' <Predicate = true> <Delay = 1.58>
ST_1 : Operation 19 [1/1] (1.58ns)   --->   "%store_ln0 = store i64 0, i64 %shiftreg3368"   --->   Operation 19 'store' 'store_ln0' <Predicate = true> <Delay = 1.58>
ST_1 : Operation 20 [1/1] (0.00ns)   --->   "%br_ln0 = br void %for.inc"   --->   Operation 20 'br' 'br_ln0' <Predicate = true> <Delay = 0.00>
ST_1 : Operation 21 [1/1] (0.00ns)   --->   "%i_8 = load i3 %i"   --->   Operation 21 'load' 'i_8' <Predicate = true> <Delay = 0.00>
ST_1 : Operation 22 [1/1] (0.00ns)   --->   "%specbitsmap_ln0 = specbitsmap void @_ssdm_op_SpecBitsMap, i512 %X_BUS"   --->   Operation 22 'specbitsmap' 'specbitsmap_ln0' <Predicate = true> <Delay = 0.00>
ST_1 : Operation 23 [1/1] (0.00ns)   --->   "%specpipeline_ln0 = specpipeline void @_ssdm_op_SpecPipeline, i32 4294967295, i32 0, i32 1, i32 0, void @p_str"   --->   Operation 23 'specpipeline' 'specpipeline_ln0' <Predicate = true> <Delay = 0.00>
ST_1 : Operation 24 [1/1] (1.13ns)   --->   "%icmp_ln155 = icmp_eq  i3 %i_8, i3 6" [src/runge_kutta_45.cpp:155]   --->   Operation 24 'icmp' 'icmp_ln155' <Predicate = true> <Delay = 1.13> <CoreInst = "Cmp">   --->   Core 9 'Cmp' <Latency = 0> <II = 1> <Delay = 1.13> <FuncUnit> <Opcode : 'icmp'> <InPorts = 2> <OutPorts = 1>
ST_1 : Operation 25 [1/1] (0.00ns)   --->   "%speclooptripcount_ln0 = speclooptripcount void @_ssdm_op_SpecLoopTripCount, i64 6, i64 6, i64 6"   --->   Operation 25 'speclooptripcount' 'speclooptripcount_ln0' <Predicate = true> <Delay = 0.00>
ST_1 : Operation 26 [1/1] (1.65ns)   --->   "%add_ln155 = add i3 %i_8, i3 1" [src/runge_kutta_45.cpp:155]   --->   Operation 26 'add' 'add_ln155' <Predicate = true> <Delay = 1.65> <CoreInst = "Adder">   --->   Core 1 'Adder' <Latency = 0> <II = 1> <Delay = 1.65> <FuncUnit> <Opcode : 'add' 'sub'> <InPorts = 2> <OutPorts = 1>
ST_1 : Operation 27 [1/1] (0.00ns)   --->   "%br_ln155 = br i1 %icmp_ln155, void %for.inc.split, void %for.end_ifconv.exitStub" [src/runge_kutta_45.cpp:155]   --->   Operation 27 'br' 'br_ln155' <Predicate = true> <Delay = 0.00>
ST_1 : Operation 28 [1/1] (0.00ns)   --->   "%empty_63 = trunc i3 %i_8"   --->   Operation 28 'trunc' 'empty_63' <Predicate = (!icmp_ln155)> <Delay = 0.00>
ST_1 : Operation 29 [1/1] (0.00ns)   --->   "%tmp_s = partselect i2 @_ssdm_op_PartSelect.i2.i3.i32.i32, i3 %i_8, i32 1, i32 2" [src/runge_kutta_45.cpp:156]   --->   Operation 29 'partselect' 'tmp_s' <Predicate = (!icmp_ln155 & !empty_63)> <Delay = 0.00>
ST_1 : Operation 30 [1/1] (0.00ns)   --->   "%and_ln = bitconcatenate i6 @_ssdm_op_BitConcatenate.i6.i2.i4, i2 %tmp_s, i4 0" [src/runge_kutta_45.cpp:156]   --->   Operation 30 'bitconcatenate' 'and_ln' <Predicate = (!icmp_ln155 & !empty_63)> <Delay = 0.00>
ST_1 : Operation 31 [1/1] (0.00ns)   --->   "%zext_ln156 = zext i6 %and_ln" [src/runge_kutta_45.cpp:156]   --->   Operation 31 'zext' 'zext_ln156' <Predicate = (!icmp_ln155 & !empty_63)> <Delay = 0.00>
ST_1 : Operation 32 [1/1] (3.52ns)   --->   "%add_ln156 = add i64 %zext_ln156, i64 %yy_read" [src/runge_kutta_45.cpp:156]   --->   Operation 32 'add' 'add_ln156' <Predicate = (!icmp_ln155 & !empty_63)> <Delay = 3.52> <CoreInst = "Adder">   --->   Core 1 'Adder' <Latency = 0> <II = 1> <Delay = 3.52> <FuncUnit> <Opcode : 'add' 'sub'> <InPorts = 2> <OutPorts = 1>
ST_1 : Operation 33 [1/1] (0.00ns)   --->   "%trunc_ln156_2 = partselect i58 @_ssdm_op_PartSelect.i58.i64.i32.i32, i64 %add_ln156, i32 6, i32 63" [src/runge_kutta_45.cpp:156]   --->   Operation 33 'partselect' 'trunc_ln156_2' <Predicate = (!icmp_ln155 & !empty_63)> <Delay = 0.00>
ST_1 : Operation 34 [1/1] (1.82ns)   --->   "%add_ln156_1 = add i6 %and_ln, i6 %trunc_ln2_read" [src/runge_kutta_45.cpp:156]   --->   Operation 34 'add' 'add_ln156_1' <Predicate = (!icmp_ln155 & !empty_63)> <Delay = 1.82> <CoreInst = "Adder">   --->   Core 1 'Adder' <Latency = 0> <II = 1> <Delay = 1.82> <FuncUnit> <Opcode : 'add' 'sub'> <InPorts = 2> <OutPorts = 1>
ST_1 : Operation 35 [1/1] (1.58ns)   --->   "%store_ln155 = store i3 %add_ln155, i3 %i" [src/runge_kutta_45.cpp:155]   --->   Operation 35 'store' 'store_ln155' <Predicate = (!icmp_ln155)> <Delay = 1.58>

State 2 <SV = 1> <Delay = 36.5>
ST_2 : Operation 36 [1/1] (0.00ns)   --->   "%sext_ln156 = sext i58 %trunc_ln156_2" [src/runge_kutta_45.cpp:156]   --->   Operation 36 'sext' 'sext_ln156' <Predicate = (!icmp_ln155 & !empty_63)> <Delay = 0.00>
ST_2 : Operation 37 [1/1] (0.00ns)   --->   "%X_BUS_addr = getelementptr i512 %X_BUS, i64 %sext_ln156" [src/runge_kutta_45.cpp:156]   --->   Operation 37 'getelementptr' 'X_BUS_addr' <Predicate = (!icmp_ln155 & !empty_63)> <Delay = 0.00>
ST_2 : Operation 38 [7/7] (36.5ns)   --->   "%X_BUS_load_req = readreq i1 @_ssdm_op_ReadReq.m_axi.i512P1A, i512 %X_BUS_addr, i32 1" [src/runge_kutta_45.cpp:156]   --->   Operation 38 'readreq' 'X_BUS_load_req' <Predicate = (!icmp_ln155 & !empty_63)> <Delay = 36.5> <CoreInst = "m_axi">   --->   Core 113 'm_axi' <Latency = 0> <II = 1> <Delay = 1.00> <Adapter> <Opcode : 'read' 'write' 'readreq' 'writereq' 'writeresp'>

State 3 <SV = 2> <Delay = 36.5>
ST_3 : Operation 39 [6/7] (36.5ns)   --->   "%X_BUS_load_req = readreq i1 @_ssdm_op_ReadReq.m_axi.i512P1A, i512 %X_BUS_addr, i32 1" [src/runge_kutta_45.cpp:156]   --->   Operation 39 'readreq' 'X_BUS_load_req' <Predicate = (!icmp_ln155 & !empty_63)> <Delay = 36.5> <CoreInst = "m_axi">   --->   Core 113 'm_axi' <Latency = 0> <II = 1> <Delay = 1.00> <Adapter> <Opcode : 'read' 'write' 'readreq' 'writereq' 'writeresp'>

State 4 <SV = 3> <Delay = 36.5>
ST_4 : Operation 40 [5/7] (36.5ns)   --->   "%X_BUS_load_req = readreq i1 @_ssdm_op_ReadReq.m_axi.i512P1A, i512 %X_BUS_addr, i32 1" [src/runge_kutta_45.cpp:156]   --->   Operation 40 'readreq' 'X_BUS_load_req' <Predicate = (!icmp_ln155 & !empty_63)> <Delay = 36.5> <CoreInst = "m_axi">   --->   Core 113 'm_axi' <Latency = 0> <II = 1> <Delay = 1.00> <Adapter> <Opcode : 'read' 'write' 'readreq' 'writereq' 'writeresp'>

State 5 <SV = 4> <Delay = 36.5>
ST_5 : Operation 41 [4/7] (36.5ns)   --->   "%X_BUS_load_req = readreq i1 @_ssdm_op_ReadReq.m_axi.i512P1A, i512 %X_BUS_addr, i32 1" [src/runge_kutta_45.cpp:156]   --->   Operation 41 'readreq' 'X_BUS_load_req' <Predicate = (!icmp_ln155 & !empty_63)> <Delay = 36.5> <CoreInst = "m_axi">   --->   Core 113 'm_axi' <Latency = 0> <II = 1> <Delay = 1.00> <Adapter> <Opcode : 'read' 'write' 'readreq' 'writereq' 'writeresp'>

State 6 <SV = 5> <Delay = 36.5>
ST_6 : Operation 42 [3/7] (36.5ns)   --->   "%X_BUS_load_req = readreq i1 @_ssdm_op_ReadReq.m_axi.i512P1A, i512 %X_BUS_addr, i32 1" [src/runge_kutta_45.cpp:156]   --->   Operation 42 'readreq' 'X_BUS_load_req' <Predicate = (!icmp_ln155 & !empty_63)> <Delay = 36.5> <CoreInst = "m_axi">   --->   Core 113 'm_axi' <Latency = 0> <II = 1> <Delay = 1.00> <Adapter> <Opcode : 'read' 'write' 'readreq' 'writereq' 'writeresp'>

State 7 <SV = 6> <Delay = 36.5>
ST_7 : Operation 43 [2/7] (36.5ns)   --->   "%X_BUS_load_req = readreq i1 @_ssdm_op_ReadReq.m_axi.i512P1A, i512 %X_BUS_addr, i32 1" [src/runge_kutta_45.cpp:156]   --->   Operation 43 'readreq' 'X_BUS_load_req' <Predicate = (!icmp_ln155 & !empty_63)> <Delay = 36.5> <CoreInst = "m_axi">   --->   Core 113 'm_axi' <Latency = 0> <II = 1> <Delay = 1.00> <Adapter> <Opcode : 'read' 'write' 'readreq' 'writereq' 'writeresp'>

State 8 <SV = 7> <Delay = 36.5>
ST_8 : Operation 44 [1/7] (36.5ns)   --->   "%X_BUS_load_req = readreq i1 @_ssdm_op_ReadReq.m_axi.i512P1A, i512 %X_BUS_addr, i32 1" [src/runge_kutta_45.cpp:156]   --->   Operation 44 'readreq' 'X_BUS_load_req' <Predicate = (!icmp_ln155 & !empty_63)> <Delay = 36.5> <CoreInst = "m_axi">   --->   Core 113 'm_axi' <Latency = 0> <II = 1> <Delay = 1.00> <Adapter> <Opcode : 'read' 'write' 'readreq' 'writereq' 'writeresp'>

State 9 <SV = 8> <Delay = 36.5>
ST_9 : Operation 45 [1/1] (36.5ns)   --->   "%X_BUS_addr_read = read i512 @_ssdm_op_Read.m_axi.i512P1A, i512 %X_BUS_addr" [src/runge_kutta_45.cpp:156]   --->   Operation 45 'read' 'X_BUS_addr_read' <Predicate = (!icmp_ln155 & !empty_63)> <Delay = 36.5> <CoreInst = "m_axi">   --->   Core 113 'm_axi' <Latency = 0> <II = 1> <Delay = 1.00> <Adapter> <Opcode : 'read' 'write' 'readreq' 'writereq' 'writeresp'>
ST_9 : Operation 102 [1/1] (0.00ns)   --->   "%ret_ln0 = ret"   --->   Operation 102 'ret' 'ret_ln0' <Predicate = (icmp_ln155)> <Delay = 0.00>

State 10 <SV = 9> <Delay = 27.2>
ST_10 : Operation 46 [1/1] (0.00ns)   --->   "%shiftreg3368_load = load i64 %shiftreg3368"   --->   Operation 46 'load' 'shiftreg3368_load' <Predicate = (!icmp_ln155)> <Delay = 0.00>
ST_10 : Operation 47 [1/1] (0.00ns)   --->   "%shiftreg3368_cast = zext i64 %shiftreg3368_load"   --->   Operation 47 'zext' 'shiftreg3368_cast' <Predicate = (!icmp_ln155)> <Delay = 0.00>
ST_10 : Operation 48 [1/1] (0.00ns)   --->   "%i_cast128 = zext i3 %i_8"   --->   Operation 48 'zext' 'i_cast128' <Predicate = (!icmp_ln155)> <Delay = 0.00>
ST_10 : Operation 49 [1/1] (0.00ns)   --->   "%yy_loc_V_addr = getelementptr i80 %yy_loc_V, i64 0, i64 %i_cast128" [src/runge_kutta_45.cpp:156]   --->   Operation 49 'getelementptr' 'yy_loc_V_addr' <Predicate = (!icmp_ln155)> <Delay = 0.00>
ST_10 : Operation 50 [1/1] (0.00ns)   --->   "%specloopname_ln155 = specloopname void @_ssdm_op_SpecLoopName, void @empty_29" [src/runge_kutta_45.cpp:155]   --->   Operation 50 'specloopname' 'specloopname_ln155' <Predicate = (!icmp_ln155)> <Delay = 0.00>
ST_10 : Operation 51 [1/1] (1.58ns)   --->   "%br_ln156 = br i1 %empty_63, void, void %for.inc.split._crit_edge_ifconv" [src/runge_kutta_45.cpp:156]   --->   Operation 51 'br' 'br_ln156' <Predicate = (!icmp_ln155)> <Delay = 1.58>
ST_10 : Operation 52 [1/1] (0.00ns)   --->   "%shl_ln156_1 = bitconcatenate i9 @_ssdm_op_BitConcatenate.i9.i6.i3, i6 %add_ln156_1, i3 0" [src/runge_kutta_45.cpp:156]   --->   Operation 52 'bitconcatenate' 'shl_ln156_1' <Predicate = (!icmp_ln155 & !empty_63)> <Delay = 0.00>
ST_10 : Operation 53 [1/1] (0.00ns)   --->   "%zext_ln156_1 = zext i9 %shl_ln156_1" [src/runge_kutta_45.cpp:156]   --->   Operation 53 'zext' 'zext_ln156_1' <Predicate = (!icmp_ln155 & !empty_63)> <Delay = 0.00>
ST_10 : Operation 54 [1/1] (5.94ns)   --->   "%lshr_ln156 = lshr i512 %X_BUS_addr_read, i512 %zext_ln156_1" [src/runge_kutta_45.cpp:156]   --->   Operation 54 'lshr' 'lshr_ln156' <Predicate = (!icmp_ln155 & !empty_63)> <Delay = 5.94> <CoreInst = "Shifter">   --->   Core 75 'Shifter' <Latency = 0> <II = 1> <Delay = 5.94> <FuncUnit> <Opcode : 'shl' 'lshr' 'ashr'> <InPorts = 2> <OutPorts = 1>
ST_10 : Operation 55 [1/1] (0.00ns)   --->   "%trunc_ln156 = trunc i512 %lshr_ln156" [src/runge_kutta_45.cpp:156]   --->   Operation 55 'trunc' 'trunc_ln156' <Predicate = (!icmp_ln155 & !empty_63)> <Delay = 0.00>
ST_10 : Operation 56 [1/1] (1.58ns)   --->   "%br_ln156 = br void %for.inc.split._crit_edge_ifconv" [src/runge_kutta_45.cpp:156]   --->   Operation 56 'br' 'br_ln156' <Predicate = (!icmp_ln155 & !empty_63)> <Delay = 1.58>
ST_10 : Operation 57 [1/1] (0.00ns)   --->   "%empty = phi i128 %trunc_ln156, void, i128 %shiftreg3368_cast, void %for.inc.split" [src/runge_kutta_45.cpp:156]   --->   Operation 57 'phi' 'empty' <Predicate = true> <Delay = 0.00>
ST_10 : Operation 58 [1/1] (0.00ns)   --->   "%trunc_ln156_1 = trunc i128 %empty" [src/runge_kutta_45.cpp:156]   --->   Operation 58 'trunc' 'trunc_ln156_1' <Predicate = true> <Delay = 0.00>
ST_10 : Operation 59 [1/1] (0.00ns)   --->   "%trunc_ln590_4 = partselect i64 @_ssdm_op_PartSelect.i64.i128.i32.i32, i128 %empty, i32 64, i32 127"   --->   Operation 59 'partselect' 'trunc_ln590_4' <Predicate = true> <Delay = 0.00>
ST_10 : Operation 60 [1/1] (0.00ns)   --->   "%p_Result_s = bitselect i1 @_ssdm_op_BitSelect.i1.i128.i32, i128 %empty, i32 63"   --->   Operation 60 'bitselect' 'p_Result_s' <Predicate = true> <Delay = 0.00>
ST_10 : Operation 61 [1/1] (0.00ns)   --->   "%exp_tmp = partselect i11 @_ssdm_op_PartSelect.i11.i128.i32.i32, i128 %empty, i32 52, i32 62"   --->   Operation 61 'partselect' 'exp_tmp' <Predicate = true> <Delay = 0.00>
ST_10 : Operation 62 [1/1] (0.00ns)   --->   "%zext_ln501 = zext i11 %exp_tmp"   --->   Operation 62 'zext' 'zext_ln501' <Predicate = true> <Delay = 0.00>
ST_10 : Operation 63 [1/1] (0.00ns)   --->   "%trunc_ln600 = trunc i128 %empty"   --->   Operation 63 'trunc' 'trunc_ln600' <Predicate = true> <Delay = 0.00>
ST_10 : Operation 64 [1/1] (0.00ns)   --->   "%p_Result_31 = bitconcatenate i53 @_ssdm_op_BitConcatenate.i53.i1.i52, i1 1, i52 %trunc_ln600"   --->   Operation 64 'bitconcatenate' 'p_Result_31' <Predicate = true> <Delay = 0.00>
ST_10 : Operation 65 [1/1] (0.00ns)   --->   "%zext_ln604 = zext i53 %p_Result_31"   --->   Operation 65 'zext' 'zext_ln604' <Predicate = true> <Delay = 0.00>
ST_10 : Operation 66 [1/1] (3.23ns)   --->   "%man_V_1 = sub i54 0, i54 %zext_ln604"   --->   Operation 66 'sub' 'man_V_1' <Predicate = true> <Delay = 3.23> <CoreInst = "Adder">   --->   Core 1 'Adder' <Latency = 0> <II = 1> <Delay = 3.23> <FuncUnit> <Opcode : 'add' 'sub'> <InPorts = 2> <OutPorts = 1>
ST_10 : Operation 67 [1/1] (0.94ns)   --->   "%man_V_2 = select i1 %p_Result_s, i54 %man_V_1, i54 %zext_ln604"   --->   Operation 67 'select' 'man_V_2' <Predicate = true> <Delay = 0.94> <CoreInst = "Sel">   --->   Core 73 'Sel' <Latency = 0> <II = 1> <Delay = 0.94> <FuncUnit> <Opcode : 'select'> <InPorts = 3> <OutPorts = 1>
ST_10 : Operation 68 [1/1] (2.78ns)   --->   "%icmp_ln606 = icmp_eq  i63 %trunc_ln156_1, i63 0"   --->   Operation 68 'icmp' 'icmp_ln606' <Predicate = true> <Delay = 2.78> <CoreInst = "Cmp">   --->   Core 9 'Cmp' <Latency = 0> <II = 1> <Delay = 2.78> <FuncUnit> <Opcode : 'icmp'> <InPorts = 2> <OutPorts = 1>
ST_10 : Operation 69 [1/1] (1.54ns)   --->   "%F2 = sub i12 1075, i12 %zext_ln501"   --->   Operation 69 'sub' 'F2' <Predicate = true> <Delay = 1.54> <CoreInst = "Adder">   --->   Core 1 'Adder' <Latency = 0> <II = 1> <Delay = 1.54> <FuncUnit> <Opcode : 'add' 'sub'> <InPorts = 2> <OutPorts = 1>
ST_10 : Operation 70 [1/1] (1.99ns)   --->   "%icmp_ln616 = icmp_sgt  i12 %F2, i12 60"   --->   Operation 70 'icmp' 'icmp_ln616' <Predicate = true> <Delay = 1.99> <CoreInst = "Cmp">   --->   Core 9 'Cmp' <Latency = 0> <II = 1> <Delay = 1.99> <FuncUnit> <Opcode : 'icmp'> <InPorts = 2> <OutPorts = 1>
ST_10 : Operation 71 [1/1] (1.54ns)   --->   "%add_ln616 = add i12 %F2, i12 4036"   --->   Operation 71 'add' 'add_ln616' <Predicate = true> <Delay = 1.54> <CoreInst = "Adder">   --->   Core 1 'Adder' <Latency = 0> <II = 1> <Delay = 1.54> <FuncUnit> <Opcode : 'add' 'sub'> <InPorts = 2> <OutPorts = 1>
ST_10 : Operation 72 [1/1] (1.54ns)   --->   "%sub_ln616 = sub i12 60, i12 %F2"   --->   Operation 72 'sub' 'sub_ln616' <Predicate = true> <Delay = 1.54> <CoreInst = "Adder">   --->   Core 1 'Adder' <Latency = 0> <II = 1> <Delay = 1.54> <FuncUnit> <Opcode : 'add' 'sub'> <InPorts = 2> <OutPorts = 1>
ST_10 : Operation 73 [1/1] (0.69ns)   --->   "%sh_amt = select i1 %icmp_ln616, i12 %add_ln616, i12 %sub_ln616"   --->   Operation 73 'select' 'sh_amt' <Predicate = true> <Delay = 0.69> <CoreInst = "Sel">   --->   Core 73 'Sel' <Latency = 0> <II = 1> <Delay = 0.69> <FuncUnit> <Opcode : 'select'> <InPorts = 3> <OutPorts = 1>
ST_10 : Operation 74 [1/1] (1.99ns)   --->   "%icmp_ln617 = icmp_eq  i12 %F2, i12 60"   --->   Operation 74 'icmp' 'icmp_ln617' <Predicate = true> <Delay = 1.99> <CoreInst = "Cmp">   --->   Core 9 'Cmp' <Latency = 0> <II = 1> <Delay = 1.99> <FuncUnit> <Opcode : 'icmp'> <InPorts = 2> <OutPorts = 1>
ST_10 : Operation 75 [1/1] (0.00ns) (grouped into LUT with out node select_ln616)   --->   "%sext_ln618 = sext i54 %man_V_2"   --->   Operation 75 'sext' 'sext_ln618' <Predicate = true> <Delay = 0.00>
ST_10 : Operation 76 [1/1] (1.99ns)   --->   "%icmp_ln620 = icmp_ult  i12 %sh_amt, i12 54"   --->   Operation 76 'icmp' 'icmp_ln620' <Predicate = true> <Delay = 1.99> <CoreInst = "Cmp">   --->   Core 9 'Cmp' <Latency = 0> <II = 1> <Delay = 1.99> <FuncUnit> <Opcode : 'icmp'> <InPorts = 2> <OutPorts = 1>
ST_10 : Operation 77 [1/1] (1.99ns)   --->   "%icmp_ln638 = icmp_ult  i12 %sh_amt, i12 80"   --->   Operation 77 'icmp' 'icmp_ln638' <Predicate = true> <Delay = 1.99> <CoreInst = "Cmp">   --->   Core 9 'Cmp' <Latency = 0> <II = 1> <Delay = 1.99> <FuncUnit> <Opcode : 'icmp'> <InPorts = 2> <OutPorts = 1>
ST_10 : Operation 78 [1/1] (0.00ns)   --->   "%sext_ln639 = sext i12 %sh_amt"   --->   Operation 78 'sext' 'sext_ln639' <Predicate = true> <Delay = 0.00>
ST_10 : Operation 79 [1/1] (0.00ns) (grouped into LUT with out node select_ln616)   --->   "%zext_ln639 = zext i32 %sext_ln639"   --->   Operation 79 'zext' 'zext_ln639' <Predicate = true> <Delay = 0.00>
ST_10 : Operation 80 [1/1] (0.00ns) (grouped into LUT with out node select_ln616)   --->   "%shl_ln639 = shl i80 %sext_ln618, i80 %zext_ln639"   --->   Operation 80 'shl' 'shl_ln639' <Predicate = true> <Delay = 0.00> <CoreInst = "Shifter">   --->   Core 75 'Shifter' <Latency = 0> <II = 1> <Delay = 4.61> <FuncUnit> <Opcode : 'shl' 'lshr' 'ashr'> <InPorts = 2> <OutPorts = 1>
ST_10 : Operation 81 [1/1] (0.00ns) (grouped into LUT with out node select_ln616)   --->   "%select_ln638 = select i1 %icmp_ln638, i80 %shl_ln639, i80 0"   --->   Operation 81 'select' 'select_ln638' <Predicate = true> <Delay = 0.00> <CoreInst = "Sel">   --->   Core 73 'Sel' <Latency = 0> <II = 1> <Delay = 1.04> <FuncUnit> <Opcode : 'select'> <InPorts = 3> <OutPorts = 1>
ST_10 : Operation 82 [1/1] (0.00ns) (grouped into LUT with out node select_ln620)   --->   "%zext_ln621 = zext i32 %sext_ln639"   --->   Operation 82 'zext' 'zext_ln621' <Predicate = true> <Delay = 0.00>
ST_10 : Operation 83 [1/1] (0.00ns) (grouped into LUT with out node select_ln620)   --->   "%ashr_ln621 = ashr i54 %man_V_2, i54 %zext_ln621"   --->   Operation 83 'ashr' 'ashr_ln621' <Predicate = true> <Delay = 0.00> <CoreInst = "Shifter">   --->   Core 75 'Shifter' <Latency = 0> <II = 1> <Delay = 4.61> <FuncUnit> <Opcode : 'shl' 'lshr' 'ashr'> <InPorts = 2> <OutPorts = 1>
ST_10 : Operation 84 [1/1] (0.00ns) (grouped into LUT with out node select_ln620)   --->   "%sext_ln621 = sext i54 %ashr_ln621"   --->   Operation 84 'sext' 'sext_ln621' <Predicate = true> <Delay = 0.00>
ST_10 : Operation 85 [1/1] (0.00ns) (grouped into LUT with out node select_ln617)   --->   "%tmp = bitselect i1 @_ssdm_op_BitSelect.i1.i128.i32, i128 %empty, i32 63"   --->   Operation 85 'bitselect' 'tmp' <Predicate = true> <Delay = 0.00>
ST_10 : Operation 86 [1/1] (0.00ns) (grouped into LUT with out node select_ln617)   --->   "%select_ln606_1 = select i1 %tmp, i54 18014398509481983, i54 0"   --->   Operation 86 'select' 'select_ln606_1' <Predicate = true> <Delay = 0.00> <CoreInst = "Sel">   --->   Core 73 'Sel' <Latency = 0> <II = 1> <Delay = 0.99> <FuncUnit> <Opcode : 'select'> <InPorts = 3> <OutPorts = 1>
ST_10 : Operation 87 [1/1] (0.00ns) (grouped into LUT with out node select_ln617)   --->   "%xor_ln606 = xor i1 %icmp_ln606, i1 1"   --->   Operation 87 'xor' 'xor_ln606' <Predicate = true> <Delay = 0.00> <CoreInst = "LogicGate">   --->   Core 74 'LogicGate' <Latency = 0> <II = 1> <Delay = 0.97> <FuncUnit> <Opcode : 'and' 'or' 'xor'> <InPorts = 2> <OutPorts = 1>
ST_10 : Operation 88 [1/1] (0.00ns) (grouped into LUT with out node select_ln617)   --->   "%and_ln617 = and i1 %icmp_ln617, i1 %xor_ln606"   --->   Operation 88 'and' 'and_ln617' <Predicate = true> <Delay = 0.00> <CoreInst = "LogicGate">   --->   Core 74 'LogicGate' <Latency = 0> <II = 1> <Delay = 0.97> <FuncUnit> <Opcode : 'and' 'or' 'xor'> <InPorts = 2> <OutPorts = 1>
ST_10 : Operation 89 [1/1] (0.99ns) (out node of the LUT)   --->   "%select_ln617 = select i1 %and_ln617, i54 %man_V_2, i54 %select_ln606_1"   --->   Operation 89 'select' 'select_ln617' <Predicate = true> <Delay = 0.99> <CoreInst = "Sel">   --->   Core 73 'Sel' <Latency = 0> <II = 1> <Delay = 0.94> <FuncUnit> <Opcode : 'select'> <InPorts = 3> <OutPorts = 1>
ST_10 : Operation 90 [1/1] (0.00ns) (grouped into LUT with out node select_ln616)   --->   "%sext_ln617 = sext i54 %select_ln617"   --->   Operation 90 'sext' 'sext_ln617' <Predicate = true> <Delay = 0.00>
ST_10 : Operation 91 [1/1] (0.97ns)   --->   "%or_ln617 = or i1 %icmp_ln606, i1 %icmp_ln617"   --->   Operation 91 'or' 'or_ln617' <Predicate = true> <Delay = 0.97> <CoreInst = "LogicGate">   --->   Core 74 'LogicGate' <Latency = 0> <II = 1> <Delay = 0.97> <FuncUnit> <Opcode : 'and' 'or' 'xor'> <InPorts = 2> <OutPorts = 1>
ST_10 : Operation 92 [1/1] (0.00ns) (grouped into LUT with out node select_ln616)   --->   "%or_ln616 = or i1 %or_ln617, i1 %icmp_ln616"   --->   Operation 92 'or' 'or_ln616' <Predicate = true> <Delay = 0.00> <CoreInst = "LogicGate">   --->   Core 74 'LogicGate' <Latency = 0> <II = 1> <Delay = 0.97> <FuncUnit> <Opcode : 'and' 'or' 'xor'> <InPorts = 2> <OutPorts = 1>
ST_10 : Operation 93 [1/1] (4.61ns) (out node of the LUT)   --->   "%select_ln616 = select i1 %or_ln616, i80 %sext_ln617, i80 %select_ln638"   --->   Operation 93 'select' 'select_ln616' <Predicate = true> <Delay = 4.61> <CoreInst = "Sel">   --->   Core 73 'Sel' <Latency = 0> <II = 1> <Delay = 1.04> <FuncUnit> <Opcode : 'select'> <InPorts = 3> <OutPorts = 1>
ST_10 : Operation 94 [1/1] (0.00ns) (grouped into LUT with out node select_ln620)   --->   "%xor_ln617 = xor i1 %or_ln617, i1 1"   --->   Operation 94 'xor' 'xor_ln617' <Predicate = true> <Delay = 0.00> <CoreInst = "LogicGate">   --->   Core 74 'LogicGate' <Latency = 0> <II = 1> <Delay = 0.97> <FuncUnit> <Opcode : 'and' 'or' 'xor'> <InPorts = 2> <OutPorts = 1>
ST_10 : Operation 95 [1/1] (0.00ns) (grouped into LUT with out node select_ln620)   --->   "%and_ln620 = and i1 %icmp_ln620, i1 %xor_ln617"   --->   Operation 95 'and' 'and_ln620' <Predicate = true> <Delay = 0.00> <CoreInst = "LogicGate">   --->   Core 74 'LogicGate' <Latency = 0> <II = 1> <Delay = 0.97> <FuncUnit> <Opcode : 'and' 'or' 'xor'> <InPorts = 2> <OutPorts = 1>
ST_10 : Operation 96 [1/1] (0.00ns) (grouped into LUT with out node select_ln620)   --->   "%and_ln620_1 = and i1 %and_ln620, i1 %icmp_ln616"   --->   Operation 96 'and' 'and_ln620_1' <Predicate = true> <Delay = 0.00> <CoreInst = "LogicGate">   --->   Core 74 'LogicGate' <Latency = 0> <II = 1> <Delay = 0.97> <FuncUnit> <Opcode : 'and' 'or' 'xor'> <InPorts = 2> <OutPorts = 1>
ST_10 : Operation 97 [1/1] (4.61ns) (out node of the LUT)   --->   "%select_ln620 = select i1 %and_ln620_1, i80 %sext_ln621, i80 %select_ln616"   --->   Operation 97 'select' 'select_ln620' <Predicate = true> <Delay = 4.61> <CoreInst = "Sel">   --->   Core 73 'Sel' <Latency = 0> <II = 1> <Delay = 1.04> <FuncUnit> <Opcode : 'select'> <InPorts = 3> <OutPorts = 1>
ST_10 : Operation 98 [1/1] (1.04ns) (out node of the LUT)   --->   "%select_ln606 = select i1 %icmp_ln606, i80 0, i80 %select_ln620"   --->   Operation 98 'select' 'select_ln606' <Predicate = true> <Delay = 1.04> <CoreInst = "Sel">   --->   Core 73 'Sel' <Latency = 0> <II = 1> <Delay = 1.04> <FuncUnit> <Opcode : 'select'> <InPorts = 3> <OutPorts = 1>
ST_10 : Operation 99 [1/1] (3.25ns)   --->   "%store_ln156 = store i80 %select_ln606, i14 %yy_loc_V_addr" [src/runge_kutta_45.cpp:156]   --->   Operation 99 'store' 'store_ln156' <Predicate = true> <Delay = 3.25> <CoreInst = "RAM">   --->   Core 82 'RAM' <Latency = 1> <II = 1> <Delay = 3.25> <Storage> <Opcode : 'load' 'store'> <Ports = 2> <Width = 80> <Depth = 12288> <RAM>
ST_10 : Operation 100 [1/1] (1.58ns)   --->   "%store_ln155 = store i64 %trunc_ln590_4, i64 %shiftreg3368" [src/runge_kutta_45.cpp:155]   --->   Operation 100 'store' 'store_ln155' <Predicate = true> <Delay = 1.58>
ST_10 : Operation 101 [1/1] (0.00ns)   --->   "%br_ln155 = br void %for.inc" [src/runge_kutta_45.cpp:155]   --->   Operation 101 'br' 'br_ln155' <Predicate = true> <Delay = 0.00>


============================================================
+ Verbose Summary: Timing violations
============================================================
Target clock period: 50ns, clock uncertainty: 13.5ns.

 <State 1>: 3.52ns
The critical path consists of the following:
	'alloca' operation ('i') [6]  (0 ns)
	'load' operation ('i') on local variable 'i' [14]  (0 ns)
	'add' operation ('add_ln156', src/runge_kutta_45.cpp:156) [33]  (3.52 ns)

 <State 2>: 36.5ns
The critical path consists of the following:
	'getelementptr' operation ('X_BUS_addr', src/runge_kutta_45.cpp:156) [36]  (0 ns)
	bus request operation ('X_BUS_load_req', src/runge_kutta_45.cpp:156) on port 'X_BUS' (src/runge_kutta_45.cpp:156) [37]  (36.5 ns)

 <State 3>: 36.5ns
The critical path consists of the following:
	bus request operation ('X_BUS_load_req', src/runge_kutta_45.cpp:156) on port 'X_BUS' (src/runge_kutta_45.cpp:156) [37]  (36.5 ns)

 <State 4>: 36.5ns
The critical path consists of the following:
	bus request operation ('X_BUS_load_req', src/runge_kutta_45.cpp:156) on port 'X_BUS' (src/runge_kutta_45.cpp:156) [37]  (36.5 ns)

 <State 5>: 36.5ns
The critical path consists of the following:
	bus request operation ('X_BUS_load_req', src/runge_kutta_45.cpp:156) on port 'X_BUS' (src/runge_kutta_45.cpp:156) [37]  (36.5 ns)

 <State 6>: 36.5ns
The critical path consists of the following:
	bus request operation ('X_BUS_load_req', src/runge_kutta_45.cpp:156) on port 'X_BUS' (src/runge_kutta_45.cpp:156) [37]  (36.5 ns)

 <State 7>: 36.5ns
The critical path consists of the following:
	bus request operation ('X_BUS_load_req', src/runge_kutta_45.cpp:156) on port 'X_BUS' (src/runge_kutta_45.cpp:156) [37]  (36.5 ns)

 <State 8>: 36.5ns
The critical path consists of the following:
	bus request operation ('X_BUS_load_req', src/runge_kutta_45.cpp:156) on port 'X_BUS' (src/runge_kutta_45.cpp:156) [37]  (36.5 ns)

 <State 9>: 36.5ns
The critical path consists of the following:
	bus read operation ('X_BUS_addr_read', src/runge_kutta_45.cpp:156) on port 'X_BUS' (src/runge_kutta_45.cpp:156) [38]  (36.5 ns)

 <State 10>: 27.3ns
The critical path consists of the following:
	'lshr' operation ('lshr_ln156', src/runge_kutta_45.cpp:156) [42]  (5.94 ns)
	multiplexor before 'phi' operation ('empty', src/runge_kutta_45.cpp:156) with incoming values : ('shiftreg3368_cast') ('trunc_ln156', src/runge_kutta_45.cpp:156) [46]  (1.59 ns)
	'phi' operation ('empty', src/runge_kutta_45.cpp:156) with incoming values : ('shiftreg3368_cast') ('trunc_ln156', src/runge_kutta_45.cpp:156) [46]  (0 ns)
	'sub' operation ('F2') [58]  (1.55 ns)
	'icmp' operation ('icmp_ln616') [59]  (1.99 ns)
	'select' operation ('sh_amt') [62]  (0.697 ns)
	'icmp' operation ('icmp_ln638') [66]  (1.99 ns)
	'select' operation ('select_ln638') [70]  (0 ns)
	'select' operation ('select_ln616') [82]  (4.61 ns)
	'select' operation ('select_ln620') [86]  (4.61 ns)
	'select' operation ('select_ln606') [87]  (1.04 ns)
	'store' operation ('store_ln156', src/runge_kutta_45.cpp:156) of variable 'select_ln606' on array 'yy_loc_V' [88]  (3.25 ns)


============================================================
+ Verbose Summary: Binding
============================================================
N/A
* FSMD analyzer results:
  - Output states:
 - Input state : 
  - Chain level:
	State 1
	State 2
	State 3
	State 4
	State 5
	State 6
	State 7
	State 8
	State 9
	State 10


============================================================
+ Verbose Summary: Datapath Resource usage 
============================================================
N/A
